// Jest Snapshot v1, https://goo.gl/fbAQLP

exports[`<LandingImage /> matches snapshot 1`] = `
<div>
  <div />
  <Body />
</div>
`;

exports[`<LandingImage /> matches snapshot 2`] = `
<div>
  <div />
  <Body />
</div>
`;

exports[`<LandingImage /> matches snapshot 3`] = `
<div>
  <div />
  <Body />
</div>
`;

exports[`<LandingImage /> matches snapshot 4`] = `
<div>
  <div />
  <Body />
</div>
`;

exports[`<LandingImage /> matches snapshot 5`] = `
<div>
  <div />
  <Body />
</div>
`;

exports[`<LandingImage /> matches snapshot 6`] = `
<div>
  <div />
  <Body />
</div>
`;

exports[`<LandingImage /> matches snapshot 7`] = `
<div>
  <div />
  <Body />
</div>
`;

exports[`<LandingImage /> matches snapshot 8`] = `
<div>
  <div />
  <Body />
</div>
`;

exports[`<LandingImage /> matches snapshot 9`] = `
<div>
  <div />
  <Body />
</div>
`;

exports[`<LandingImage /> matches snapshot 10`] = `
<div>
  <div />
  <Body />
</div>
`;

exports[`<LandingImage /> matches snapshot 11`] = `
<div>
  <div />
  <Body />
</div>
`;

exports[`<LandingImage /> matches snapshot 12`] = `
<div>
  <div />
  <Body />
</div>
`;

exports[`<LandingImage /> matches snapshot 13`] = `
<div>
  <div />
  <Body />
</div>
`;

exports[`<LandingImage /> matches snapshot 14`] = `
<div>
  <div />
  <Body />
</div>
`;

exports[`<LandingImage /> matches snapshot 15`] = `
<div>
  <div />
  <Body />
</div>
`;

exports[`<LandingImage /> matches snapshot 16`] = `
<div>
  <div />
  <Body />
</div>
`;

exports[`<LandingImage /> matches snapshot 17`] = `
<div>
  <div />
  <Body />
</div>
`;

exports[`<LandingImage /> matches snapshot 18`] = `
<div>
  <div />
  <Body />
</div>
`;

exports[`<LandingImage /> matches snapshot 19`] = `
<div>
  <div />
  <Body />
</div>
`;

exports[`<LandingImage /> matches snapshot 20`] = `
<div>
  <div />
  <Body />
</div>
`;

exports[`<LandingImage /> matches snapshot 21`] = `
<div>
  <div />
  <Body />
</div>
`;

exports[`<LandingImage /> matches snapshot 22`] = `
<div>
  <div />
  <Body />
</div>
`;

exports[`<LandingImage /> matches snapshot 23`] = `
<div>
  <div />
  <Body />
</div>
`;

exports[`<LandingImage /> matches snapshot 24`] = `
<div>
  <div />
  <Body />
</div>
`;

exports[`<LandingImage /> matches snapshot 25`] = `
<div>
  <div />
  <Body />
</div>
`;

exports[`<LandingImage /> matches snapshot 26`] = `
<div>
  <div />
  <Body />
</div>
`;

exports[`<LandingImage /> matches snapshot 27`] = `
<div>
  <div />
  <Body />
</div>
`;

exports[`<LandingImage /> matches snapshot 28`] = `
<div>
  <div />
  <Body />
</div>
`;

exports[`<LandingImage /> matches snapshot 29`] = `
<div>
  <div />
  <Body />
</div>
`;

exports[`<LandingImage /> matches snapshot 30`] = `
<div>
  <div />
  <Body />
</div>
`;

exports[`<LandingImage /> matches snapshot 31`] = `
<div>
  <div />
  <Body />
</div>
`;

exports[`<LandingImage /> matches snapshot 32`] = `
<div>
  <div />
  <Body />
</div>
`;
