// Jest Snapshot v1, https://goo.gl/fbAQLP

exports[`<SauceReviews /> matches snapshot 1`] = `true`;

exports[`<SauceReviews /> matches snapshot 2`] = `true`;

exports[`<SauceReviews /> matches snapshot 3`] = `true`;

exports[`<SauceReviews /> matches snapshot 4`] = `true`;

exports[`<SauceReviews /> matches snapshot 5`] = `true`;

exports[`<SauceReviews /> matches snapshot 6`] = `true`;

exports[`<SauceReviews /> matches snapshot 7`] = `true`;

exports[`<SauceReviews /> matches snapshot 8`] = `true`;

exports[`<SauceReviews /> matches snapshot 9`] = `true`;

exports[`<SauceReviews /> matches snapshot 10`] = `true`;

exports[`<SauceReviews /> matches snapshot 11`] = `true`;

exports[`<SauceReviews /> matches snapshot 12`] = `true`;

exports[`<SauceReviews /> matches snapshot 13`] = `true`;

exports[`<SauceReviews /> matches snapshot 14`] = `true`;

exports[`<SauceReviews /> matches snapshot 15`] = `true`;

exports[`<SauceReviews /> matches snapshot 16`] = `true`;

exports[`<SauceReviews /> matches snapshot 17`] = `true`;

exports[`<SauceReviews /> matches snapshot 18`] = `true`;

exports[`<SauceReviews /> matches snapshot 19`] = `true`;

exports[`<SauceReviews /> matches snapshot 20`] = `true`;

exports[`<SauceReviews /> matches snapshot 21`] = `true`;

exports[`<SauceReviews /> matches snapshot 22`] = `true`;

exports[`<SauceReviews /> matches snapshot 23`] = `true`;

exports[`<SauceReviews /> matches snapshot 24`] = `true`;

exports[`<SauceReviews /> matches snapshot 25`] = `true`;

exports[`<SauceReviews /> matches snapshot 26`] = `true`;

exports[`<SauceReviews /> matches snapshot 27`] = `true`;

exports[`<SauceReviews /> matches snapshot 28`] = `true`;

exports[`<SauceReviews /> matches snapshot 29`] = `true`;

exports[`<SauceReviews /> matches snapshot 30`] = `true`;

exports[`<SauceReviews /> matches snapshot 31`] = `true`;

exports[`<SauceReviews /> matches snapshot 32`] = `true`;
