// Jest Snapshot v1, https://goo.gl/fbAQLP

exports[`<About /> matches snapshot 1`] = `
<div>
  <h5>
    About
  </h5>
  <p>
    Ever wonder what a sauce tastes like 
    <em>
      before
    </em>
     buying it? Sauce For Your Thoughts can help! Add, or review, sauces and help out your fellow saucies! Never be blind-sides by a sauce again!
  </p>
</div>
`;

exports[`<About /> matches snapshot 2`] = `
<div>
  <h5>
    About
  </h5>
  <p>
    Ever wonder what a sauce tastes like 
    <em>
      before
    </em>
     buying it? Sauce For Your Thoughts can help! Add, or review, sauces and help out your fellow saucies! Never be blind-sides by a sauce again!
  </p>
</div>
`;

exports[`<About /> matches snapshot 3`] = `
<div>
  <h5>
    About
  </h5>
  <p>
    Ever wonder what a sauce tastes like 
    <em>
      before
    </em>
     buying it? Sauce For Your Thoughts can help! Add, or review, sauces and help out your fellow saucies! Never be blind-sides by a sauce again!
  </p>
</div>
`;

exports[`<About /> matches snapshot 4`] = `
<div>
  <h5>
    About
  </h5>
  <p>
    Ever wonder what a sauce tastes like 
    <em>
      before
    </em>
     buying it? Sauce For Your Thoughts can help! Add, or review, sauces and help out your fellow saucies! Never be blind-sides by a sauce again!
  </p>
</div>
`;

exports[`<About /> matches snapshot 5`] = `
<div>
  <h5>
    About
  </h5>
  <p>
    Ever wonder what a sauce tastes like 
    <em>
      before
    </em>
     buying it? Sauce For Your Thoughts can help! Add, or review, sauces and help out your fellow saucies! Never be blind-sides by a sauce again!
  </p>
</div>
`;

exports[`<About /> matches snapshot 6`] = `
<div>
  <h5>
    About
  </h5>
  <p>
    Ever wonder what a sauce tastes like 
    <em>
      before
    </em>
     buying it? Sauce For Your Thoughts can help! Add, or review, sauces and help out your fellow saucies! Never be blind-sides by a sauce again!
  </p>
</div>
`;

exports[`<About /> matches snapshot 7`] = `
<div>
  <h5>
    About
  </h5>
  <p>
    Ever wonder what a sauce tastes like 
    <em>
      before
    </em>
     buying it? Sauce For Your Thoughts can help! Add, or review, sauces and help out your fellow saucies! Never be blind-sides by a sauce again!
  </p>
</div>
`;

exports[`<About /> matches snapshot 8`] = `
<div>
  <h5>
    About
  </h5>
  <p>
    Ever wonder what a sauce tastes like 
    <em>
      before
    </em>
     buying it? Sauce For Your Thoughts can help! Add, or review, sauces and help out your fellow saucies! Never be blind-sides by a sauce again!
  </p>
</div>
`;

exports[`<About /> matches snapshot 9`] = `
<div>
  <h5>
    About
  </h5>
  <p>
    Ever wonder what a sauce tastes like 
    <em>
      before
    </em>
     buying it? Sauce For Your Thoughts can help! Add, or review, sauces and help out your fellow saucies! Never be blind-sides by a sauce again!
  </p>
</div>
`;

exports[`<About /> matches snapshot 10`] = `
<div>
  <h5>
    About
  </h5>
  <p>
    Ever wonder what a sauce tastes like 
    <em>
      before
    </em>
     buying it? Sauce For Your Thoughts can help! Add, or review, sauces and help out your fellow saucies! Never be blind-sides by a sauce again!
  </p>
</div>
`;

exports[`<About /> matches snapshot 11`] = `
<div>
  <h5>
    About
  </h5>
  <p>
    Ever wonder what a sauce tastes like 
    <em>
      before
    </em>
     buying it? Sauce For Your Thoughts can help! Add, or review, sauces and help out your fellow saucies! Never be blind-sides by a sauce again!
  </p>
</div>
`;

exports[`<About /> matches snapshot 12`] = `
<div>
  <h5>
    About
  </h5>
  <p>
    Ever wonder what a sauce tastes like 
    <em>
      before
    </em>
     buying it? Sauce For Your Thoughts can help! Add, or review, sauces and help out your fellow saucies! Never be blind-sides by a sauce again!
  </p>
</div>
`;

exports[`<About /> matches snapshot 13`] = `
<div>
  <h5>
    About
  </h5>
  <p>
    Ever wonder what a sauce tastes like 
    <em>
      before
    </em>
     buying it? Sauce For Your Thoughts can help! Add, or review, sauces and help out your fellow saucies! Never be blind-sides by a sauce again!
  </p>
</div>
`;

exports[`<About /> matches snapshot 14`] = `
<div>
  <h5>
    About
  </h5>
  <p>
    Ever wonder what a sauce tastes like 
    <em>
      before
    </em>
     buying it? Sauce For Your Thoughts can help! Add, or review, sauces and help out your fellow saucies! Never be blind-sides by a sauce again!
  </p>
</div>
`;

exports[`<About /> matches snapshot 15`] = `
<div>
  <h5>
    About
  </h5>
  <p>
    Ever wonder what a sauce tastes like 
    <em>
      before
    </em>
     buying it? Sauce For Your Thoughts can help! Add, or review, sauces and help out your fellow saucies! Never be blind-sides by a sauce again!
  </p>
</div>
`;

exports[`<About /> matches snapshot 16`] = `
<div>
  <h5>
    About
  </h5>
  <p>
    Ever wonder what a sauce tastes like 
    <em>
      before
    </em>
     buying it? Sauce For Your Thoughts can help! Add, or review, sauces and help out your fellow saucies! Never be blind-sides by a sauce again!
  </p>
</div>
`;

exports[`<About /> matches snapshot 17`] = `
<div>
  <h5>
    About
  </h5>
  <p>
    Ever wonder what a sauce tastes like 
    <em>
      before
    </em>
     buying it? Sauce For Your Thoughts can help! Add, or review, sauces and help out your fellow saucies! Never be blind-sides by a sauce again!
  </p>
</div>
`;

exports[`<About /> matches snapshot 18`] = `
<div>
  <h5>
    About
  </h5>
  <p>
    Ever wonder what a sauce tastes like 
    <em>
      before
    </em>
     buying it? Sauce For Your Thoughts can help! Add, or review, sauces and help out your fellow saucies! Never be blind-sides by a sauce again!
  </p>
</div>
`;

exports[`<About /> matches snapshot 19`] = `
<div>
  <h5>
    About
  </h5>
  <p>
    Ever wonder what a sauce tastes like 
    <em>
      before
    </em>
     buying it? Sauce For Your Thoughts can help! Add, or review, sauces and help out your fellow saucies! Never be blind-sides by a sauce again!
  </p>
</div>
`;

exports[`<About /> matches snapshot 20`] = `
<div>
  <h5>
    About
  </h5>
  <p>
    Ever wonder what a sauce tastes like 
    <em>
      before
    </em>
     buying it? Sauce For Your Thoughts can help! Add, or review, sauces and help out your fellow saucies! Never be blind-sides by a sauce again!
  </p>
</div>
`;

exports[`<About /> matches snapshot 21`] = `
<div>
  <h5>
    About
  </h5>
  <p>
    Ever wonder what a sauce tastes like 
    <em>
      before
    </em>
     buying it? Sauce For Your Thoughts can help! Add, or review, sauces and help out your fellow saucies! Never be blind-sides by a sauce again!
  </p>
</div>
`;

exports[`<About /> matches snapshot 22`] = `
<div>
  <h5>
    About
  </h5>
  <p>
    Ever wonder what a sauce tastes like 
    <em>
      before
    </em>
     buying it? Sauce For Your Thoughts can help! Add, or review, sauces and help out your fellow saucies! Never be blind-sides by a sauce again!
  </p>
</div>
`;

exports[`<About /> matches snapshot 23`] = `
<div>
  <h5>
    About
  </h5>
  <p>
    Ever wonder what a sauce tastes like 
    <em>
      before
    </em>
     buying it? Sauce For Your Thoughts can help! Add, or review, sauces and help out your fellow saucies! Never be blind-sides by a sauce again!
  </p>
</div>
`;

exports[`<About /> matches snapshot 24`] = `
<div>
  <h5>
    About
  </h5>
  <p>
    Ever wonder what a sauce tastes like 
    <em>
      before
    </em>
     buying it? Sauce For Your Thoughts can help! Add, or review, sauces and help out your fellow saucies! Never be blind-sides by a sauce again!
  </p>
</div>
`;

exports[`<About /> matches snapshot 25`] = `
<div>
  <h5>
    About
  </h5>
  <p>
    Ever wonder what a sauce tastes like 
    <em>
      before
    </em>
     buying it? Sauce For Your Thoughts can help! Add, or review, sauces and help out your fellow saucies! Never be blind-sides by a sauce again!
  </p>
</div>
`;

exports[`<About /> matches snapshot 26`] = `
<div>
  <h5>
    About
  </h5>
  <p>
    Ever wonder what a sauce tastes like 
    <em>
      before
    </em>
     buying it? Sauce For Your Thoughts can help! Add, or review, sauces and help out your fellow saucies! Never be blind-sides by a sauce again!
  </p>
</div>
`;

exports[`<About /> matches snapshot 27`] = `
<div>
  <h5>
    About
  </h5>
  <p>
    Ever wonder what a sauce tastes like 
    <em>
      before
    </em>
     buying it? Sauce For Your Thoughts can help! Add, or review, sauces and help out your fellow saucies! Never be blind-sides by a sauce again!
  </p>
</div>
`;

exports[`<About /> matches snapshot 28`] = `
<div>
  <h5>
    About
  </h5>
  <p>
    Ever wonder what a sauce tastes like 
    <em>
      before
    </em>
     buying it? Sauce For Your Thoughts can help! Add, or review, sauces and help out your fellow saucies! Never be blind-sides by a sauce again!
  </p>
</div>
`;

exports[`<About /> matches snapshot 29`] = `
<div>
  <h5>
    About
  </h5>
  <p>
    Ever wonder what a sauce tastes like 
    <em>
      before
    </em>
     buying it? Sauce For Your Thoughts can help! Add, or review, sauces and help out your fellow saucies! Never be blind-sides by a sauce again!
  </p>
</div>
`;

exports[`<About /> matches snapshot 30`] = `
<div>
  <h5>
    About
  </h5>
  <p>
    Ever wonder what a sauce tastes like 
    <em>
      before
    </em>
     buying it? Sauce For Your Thoughts can help! Add, or review, sauces and help out your fellow saucies! Never be blind-sides by a sauce again!
  </p>
</div>
`;

exports[`<About /> matches snapshot 31`] = `
<div>
  <h5>
    About
  </h5>
  <p>
    Ever wonder what a sauce tastes like 
    <em>
      before
    </em>
     buying it? Sauce For Your Thoughts can help! Add, or review, sauces and help out your fellow saucies! Never be blind-sides by a sauce again!
  </p>
</div>
`;

exports[`<About /> matches snapshot 32`] = `
<div>
  <h5>
    About
  </h5>
  <p>
    Ever wonder what a sauce tastes like 
    <em>
      before
    </em>
     buying it? Sauce For Your Thoughts can help! Add, or review, sauces and help out your fellow saucies! Never be blind-sides by a sauce again!
  </p>
</div>
`;
