// Jest Snapshot v1, https://goo.gl/fbAQLP

exports[`<Navigation /> matches snapshot 1`] = `
<div
  class="sc-AxirZ jpgewr sc-AxhUy eKirhA"
>
  <h5
    class="sc-AxiKw bKvGHD"
  >
    Navigation
  </h5>
  <ul
    class="sc-AxhCb kjumFH"
  >
    <li
      id="Home"
    >
      <a
        class="sc-AxjAm kGmApj"
        href="/"
        target="_self"
      >
        Home
      </a>
    </li>
    <li
      id="All_Sauces"
    >
      <a
        class="sc-AxjAm kGmApj"
        href="/sauces"
        target="_self"
      >
        All Sauces
      </a>
    </li>
    <li
      id="Add_Sauces"
    >
      <a
        class="sc-AxjAm kGmApj"
        href="/sauce/add"
        target="_self"
      >
        Add Sauce
      </a>
    </li>
    <li
      id="Register"
    >
      <a
        class="sc-AxjAm kGmApj"
        href="/account/register"
        target="_self"
      >
        Register
      </a>
    </li>
    <li
      id="Log_In"
    >
      <a
        class="sc-AxjAm kGmApj"
        href="/account/login"
        target="_self"
      >
        Log In
      </a>
    </li>
  </ul>
</div>
`;

exports[`<Navigation /> matches snapshot 2`] = `
<div
  class="sc-AxirZ jpgewr sc-AxhUy eKirhA"
>
  <h5
    class="sc-AxiKw bKvGHD"
  >
    Navigation
  </h5>
  <ul
    class="sc-AxhCb kjumFH"
  >
    <li
      id="Home"
    >
      <a
        class="sc-AxjAm kGmApj"
        href="/"
        target="_self"
      >
        Home
      </a>
    </li>
    <li
      id="All_Sauces"
    >
      <a
        class="sc-AxjAm kGmApj"
        href="/sauces"
        target="_self"
      >
        All Sauces
      </a>
    </li>
    <li
      id="Add_Sauces"
    >
      <a
        class="sc-AxjAm kGmApj"
        href="/sauce/add"
        target="_self"
      >
        Add Sauce
      </a>
    </li>
    <li
      id="Register"
    >
      <a
        class="sc-AxjAm kGmApj"
        href="/account/register"
        target="_self"
      >
        Register
      </a>
    </li>
    <li
      id="Log_In"
    >
      <a
        class="sc-AxjAm kGmApj"
        href="/account/login"
        target="_self"
      >
        Log In
      </a>
    </li>
  </ul>
</div>
`;

exports[`<Navigation /> matches snapshot 3`] = `
<div
  class="sc-AxirZ jpgewr sc-AxhUy eKirhA"
>
  <h5
    class="sc-AxiKw bKvGHD"
  >
    Navigation
  </h5>
  <ul
    class="sc-AxhCb kjumFH"
  >
    <li
      id="Home"
    >
      <a
        class="sc-AxjAm kGmApj"
        href="/"
        target="_self"
      >
        Home
      </a>
    </li>
    <li
      id="All_Sauces"
    >
      <a
        class="sc-AxjAm kGmApj"
        href="/sauces"
        target="_self"
      >
        All Sauces
      </a>
    </li>
    <li
      id="Add_Sauces"
    >
      <a
        class="sc-AxjAm kGmApj"
        href="/sauce/add"
        target="_self"
      >
        Add Sauce
      </a>
    </li>
    <li
      id="Register"
    >
      <a
        class="sc-AxjAm kGmApj"
        href="/account/register"
        target="_self"
      >
        Register
      </a>
    </li>
    <li
      id="Log_In"
    >
      <a
        class="sc-AxjAm kGmApj"
        href="/account/login"
        target="_self"
      >
        Log In
      </a>
    </li>
  </ul>
</div>
`;

exports[`<Navigation /> matches snapshot 4`] = `
<div
  class="sc-AxirZ jpgewr sc-AxhUy eKirhA"
>
  <h5
    class="sc-AxiKw bKvGHD"
  >
    Navigation
  </h5>
  <ul
    class="sc-AxhCb kjumFH"
  >
    <li
      id="Home"
    >
      <a
        class="sc-AxjAm kGmApj"
        href="/"
        target="_self"
      >
        Home
      </a>
    </li>
    <li
      id="All_Sauces"
    >
      <a
        class="sc-AxjAm kGmApj"
        href="/sauces"
        target="_self"
      >
        All Sauces
      </a>
    </li>
    <li
      id="Add_Sauces"
    >
      <a
        class="sc-AxjAm kGmApj"
        href="/sauce/add"
        target="_self"
      >
        Add Sauce
      </a>
    </li>
    <li
      id="Register"
    >
      <a
        class="sc-AxjAm kGmApj"
        href="/account/register"
        target="_self"
      >
        Register
      </a>
    </li>
    <li
      id="Log_In"
    >
      <a
        class="sc-AxjAm kGmApj"
        href="/account/login"
        target="_self"
      >
        Log In
      </a>
    </li>
  </ul>
</div>
`;

exports[`<Navigation /> matches snapshot 5`] = `
<div
  class="sc-AxirZ jpgewr sc-AxhUy eKirhA"
>
  <h5
    class="sc-AxiKw bKvGHD"
  >
    Navigation
  </h5>
  <ul
    class="sc-AxhCb kjumFH"
  >
    <li
      id="Home"
    >
      <a
        class="sc-AxjAm kGmApj"
        href="/"
        target="_self"
      >
        Home
      </a>
    </li>
    <li
      id="All_Sauces"
    >
      <a
        class="sc-AxjAm kGmApj"
        href="/sauces"
        target="_self"
      >
        All Sauces
      </a>
    </li>
    <li
      id="Add_Sauces"
    >
      <a
        class="sc-AxjAm kGmApj"
        href="/sauce/add"
        target="_self"
      >
        Add Sauce
      </a>
    </li>
    <li
      id="Register"
    >
      <a
        class="sc-AxjAm kGmApj"
        href="/account/register"
        target="_self"
      >
        Register
      </a>
    </li>
    <li
      id="Log_In"
    >
      <a
        class="sc-AxjAm kGmApj"
        href="/account/login"
        target="_self"
      >
        Log In
      </a>
    </li>
  </ul>
</div>
`;

exports[`<Navigation /> matches snapshot 6`] = `
<div
  class="sc-AxirZ jpgewr sc-AxhUy eKirhA"
>
  <h5
    class="sc-AxiKw bKvGHD"
  >
    Navigation
  </h5>
  <ul
    class="sc-AxhCb kjumFH"
  >
    <li
      id="Home"
    >
      <a
        class="sc-AxjAm kGmApj"
        href="/"
        target="_self"
      >
        Home
      </a>
    </li>
    <li
      id="All_Sauces"
    >
      <a
        class="sc-AxjAm kGmApj"
        href="/sauces"
        target="_self"
      >
        All Sauces
      </a>
    </li>
    <li
      id="Add_Sauces"
    >
      <a
        class="sc-AxjAm kGmApj"
        href="/sauce/add"
        target="_self"
      >
        Add Sauce
      </a>
    </li>
    <li
      id="Register"
    >
      <a
        class="sc-AxjAm kGmApj"
        href="/account/register"
        target="_self"
      >
        Register
      </a>
    </li>
    <li
      id="Log_In"
    >
      <a
        class="sc-AxjAm kGmApj"
        href="/account/login"
        target="_self"
      >
        Log In
      </a>
    </li>
  </ul>
</div>
`;

exports[`<Navigation /> matches snapshot 7`] = `
<div
  class="sc-AxirZ jpgewr sc-AxhUy eKirhA"
>
  <h5
    class="sc-AxiKw bKvGHD"
  >
    Navigation
  </h5>
  <ul
    class="sc-AxhCb kjumFH"
  >
    <li
      id="Home"
    >
      <a
        class="sc-AxjAm kGmApj"
        href="/"
        target="_self"
      >
        Home
      </a>
    </li>
    <li
      id="All_Sauces"
    >
      <a
        class="sc-AxjAm kGmApj"
        href="/sauces"
        target="_self"
      >
        All Sauces
      </a>
    </li>
    <li
      id="Add_Sauces"
    >
      <a
        class="sc-AxjAm kGmApj"
        href="/sauce/add"
        target="_self"
      >
        Add Sauce
      </a>
    </li>
    <li
      id="Register"
    >
      <a
        class="sc-AxjAm kGmApj"
        href="/account/register"
        target="_self"
      >
        Register
      </a>
    </li>
    <li
      id="Log_In"
    >
      <a
        class="sc-AxjAm kGmApj"
        href="/account/login"
        target="_self"
      >
        Log In
      </a>
    </li>
  </ul>
</div>
`;

exports[`<Navigation /> matches snapshot 8`] = `
<div
  class="sc-AxirZ jpgewr sc-AxhUy eKirhA"
>
  <h5
    class="sc-AxiKw bKvGHD"
  >
    Navigation
  </h5>
  <ul
    class="sc-AxhCb kjumFH"
  >
    <li
      id="Home"
    >
      <a
        class="sc-AxjAm kGmApj"
        href="/"
        target="_self"
      >
        Home
      </a>
    </li>
    <li
      id="All_Sauces"
    >
      <a
        class="sc-AxjAm kGmApj"
        href="/sauces"
        target="_self"
      >
        All Sauces
      </a>
    </li>
    <li
      id="Add_Sauces"
    >
      <a
        class="sc-AxjAm kGmApj"
        href="/sauce/add"
        target="_self"
      >
        Add Sauce
      </a>
    </li>
    <li
      id="Register"
    >
      <a
        class="sc-AxjAm kGmApj"
        href="/account/register"
        target="_self"
      >
        Register
      </a>
    </li>
    <li
      id="Log_In"
    >
      <a
        class="sc-AxjAm kGmApj"
        href="/account/login"
        target="_self"
      >
        Log In
      </a>
    </li>
  </ul>
</div>
`;

exports[`<Navigation /> matches snapshot 9`] = `
<div
  class="sc-AxirZ jpgewr sc-AxhUy eKirhA"
>
  <h5
    class="sc-AxiKw bKvGHD"
  >
    Navigation
  </h5>
  <ul
    class="sc-AxhCb kjumFH"
  >
    <li
      id="Home"
    >
      <a
        class="sc-AxjAm kGmApj"
        href="/"
        target="_self"
      >
        Home
      </a>
    </li>
    <li
      id="All_Sauces"
    >
      <a
        class="sc-AxjAm kGmApj"
        href="/sauces"
        target="_self"
      >
        All Sauces
      </a>
    </li>
    <li
      id="Add_Sauces"
    >
      <a
        class="sc-AxjAm kGmApj"
        href="/sauce/add"
        target="_self"
      >
        Add Sauce
      </a>
    </li>
    <li
      id="Register"
    >
      <a
        class="sc-AxjAm kGmApj"
        href="/account/register"
        target="_self"
      >
        Register
      </a>
    </li>
    <li
      id="Log_In"
    >
      <a
        class="sc-AxjAm kGmApj"
        href="/account/login"
        target="_self"
      >
        Log In
      </a>
    </li>
  </ul>
</div>
`;

exports[`<Navigation /> matches snapshot 10`] = `
<div
  class="sc-AxirZ jpgewr sc-AxhUy eKirhA"
>
  <h5
    class="sc-AxiKw bKvGHD"
  >
    Navigation
  </h5>
  <ul
    class="sc-AxhCb kjumFH"
  >
    <li
      id="Home"
    >
      <a
        class="sc-AxjAm kGmApj"
        href="/"
        target="_self"
      >
        Home
      </a>
    </li>
    <li
      id="All_Sauces"
    >
      <a
        class="sc-AxjAm kGmApj"
        href="/sauces"
        target="_self"
      >
        All Sauces
      </a>
    </li>
    <li
      id="Add_Sauces"
    >
      <a
        class="sc-AxjAm kGmApj"
        href="/sauce/add"
        target="_self"
      >
        Add Sauce
      </a>
    </li>
    <li
      id="Register"
    >
      <a
        class="sc-AxjAm kGmApj"
        href="/account/register"
        target="_self"
      >
        Register
      </a>
    </li>
    <li
      id="Log_In"
    >
      <a
        class="sc-AxjAm kGmApj"
        href="/account/login"
        target="_self"
      >
        Log In
      </a>
    </li>
  </ul>
</div>
`;

exports[`<Navigation /> matches snapshot 11`] = `
<div
  class="sc-AxirZ jpgewr sc-AxhUy eKirhA"
>
  <h5
    class="sc-AxiKw bKvGHD"
  >
    Navigation
  </h5>
  <ul
    class="sc-AxhCb kjumFH"
  >
    <li
      id="Home"
    >
      <a
        class="sc-AxjAm kGmApj"
        href="/"
        target="_self"
      >
        Home
      </a>
    </li>
    <li
      id="All_Sauces"
    >
      <a
        class="sc-AxjAm kGmApj"
        href="/sauces"
        target="_self"
      >
        All Sauces
      </a>
    </li>
    <li
      id="Add_Sauces"
    >
      <a
        class="sc-AxjAm kGmApj"
        href="/sauce/add"
        target="_self"
      >
        Add Sauce
      </a>
    </li>
    <li
      id="Register"
    >
      <a
        class="sc-AxjAm kGmApj"
        href="/account/register"
        target="_self"
      >
        Register
      </a>
    </li>
    <li
      id="Log_In"
    >
      <a
        class="sc-AxjAm kGmApj"
        href="/account/login"
        target="_self"
      >
        Log In
      </a>
    </li>
  </ul>
</div>
`;

exports[`<Navigation /> matches snapshot 12`] = `
<div
  class="sc-AxirZ jpgewr sc-AxhUy eKirhA"
>
  <h5
    class="sc-AxiKw bKvGHD"
  >
    Navigation
  </h5>
  <ul
    class="sc-AxhCb kjumFH"
  >
    <li
      id="Home"
    >
      <a
        class="sc-AxjAm kGmApj"
        href="/"
        target="_self"
      >
        Home
      </a>
    </li>
    <li
      id="All_Sauces"
    >
      <a
        class="sc-AxjAm kGmApj"
        href="/sauces"
        target="_self"
      >
        All Sauces
      </a>
    </li>
    <li
      id="Add_Sauces"
    >
      <a
        class="sc-AxjAm kGmApj"
        href="/sauce/add"
        target="_self"
      >
        Add Sauce
      </a>
    </li>
    <li
      id="Register"
    >
      <a
        class="sc-AxjAm kGmApj"
        href="/account/register"
        target="_self"
      >
        Register
      </a>
    </li>
    <li
      id="Log_In"
    >
      <a
        class="sc-AxjAm kGmApj"
        href="/account/login"
        target="_self"
      >
        Log In
      </a>
    </li>
  </ul>
</div>
`;

exports[`<Navigation /> matches snapshot 13`] = `
<div
  class="sc-AxirZ jpgewr sc-AxhUy eKirhA"
>
  <h5
    class="sc-AxiKw bKvGHD"
  >
    Navigation
  </h5>
  <ul
    class="sc-AxhCb kjumFH"
  >
    <li
      id="Home"
    >
      <a
        class="sc-AxjAm kGmApj"
        href="/"
        target="_self"
      >
        Home
      </a>
    </li>
    <li
      id="All_Sauces"
    >
      <a
        class="sc-AxjAm kGmApj"
        href="/sauces"
        target="_self"
      >
        All Sauces
      </a>
    </li>
    <li
      id="Add_Sauces"
    >
      <a
        class="sc-AxjAm kGmApj"
        href="/sauce/add"
        target="_self"
      >
        Add Sauce
      </a>
    </li>
    <li
      id="Register"
    >
      <a
        class="sc-AxjAm kGmApj"
        href="/account/register"
        target="_self"
      >
        Register
      </a>
    </li>
    <li
      id="Log_In"
    >
      <a
        class="sc-AxjAm kGmApj"
        href="/account/login"
        target="_self"
      >
        Log In
      </a>
    </li>
  </ul>
</div>
`;

exports[`<Navigation /> matches snapshot 14`] = `
<div
  class="sc-AxirZ jpgewr sc-AxhUy eKirhA"
>
  <h5
    class="sc-AxiKw bKvGHD"
  >
    Navigation
  </h5>
  <ul
    class="sc-AxhCb kjumFH"
  >
    <li
      id="Home"
    >
      <a
        class="sc-AxjAm kGmApj"
        href="/"
        target="_self"
      >
        Home
      </a>
    </li>
    <li
      id="All_Sauces"
    >
      <a
        class="sc-AxjAm kGmApj"
        href="/sauces"
        target="_self"
      >
        All Sauces
      </a>
    </li>
    <li
      id="Add_Sauces"
    >
      <a
        class="sc-AxjAm kGmApj"
        href="/sauce/add"
        target="_self"
      >
        Add Sauce
      </a>
    </li>
    <li
      id="Register"
    >
      <a
        class="sc-AxjAm kGmApj"
        href="/account/register"
        target="_self"
      >
        Register
      </a>
    </li>
    <li
      id="Log_In"
    >
      <a
        class="sc-AxjAm kGmApj"
        href="/account/login"
        target="_self"
      >
        Log In
      </a>
    </li>
  </ul>
</div>
`;

exports[`<Navigation /> matches snapshot 15`] = `
<div
  class="sc-AxirZ jpgewr sc-AxhUy eKirhA"
>
  <h5
    class="sc-AxiKw bKvGHD"
  >
    Navigation
  </h5>
  <ul
    class="sc-AxhCb kjumFH"
  >
    <li
      id="Home"
    >
      <a
        class="sc-AxjAm kGmApj"
        href="/"
        target="_self"
      >
        Home
      </a>
    </li>
    <li
      id="All_Sauces"
    >
      <a
        class="sc-AxjAm kGmApj"
        href="/sauces"
        target="_self"
      >
        All Sauces
      </a>
    </li>
    <li
      id="Add_Sauces"
    >
      <a
        class="sc-AxjAm kGmApj"
        href="/sauce/add"
        target="_self"
      >
        Add Sauce
      </a>
    </li>
    <li
      id="Register"
    >
      <a
        class="sc-AxjAm kGmApj"
        href="/account/register"
        target="_self"
      >
        Register
      </a>
    </li>
    <li
      id="Log_In"
    >
      <a
        class="sc-AxjAm kGmApj"
        href="/account/login"
        target="_self"
      >
        Log In
      </a>
    </li>
  </ul>
</div>
`;

exports[`<Navigation /> matches snapshot 16`] = `
<div
  class="sc-AxirZ jpgewr sc-AxhUy eKirhA"
>
  <h5
    class="sc-AxiKw bKvGHD"
  >
    Navigation
  </h5>
  <ul
    class="sc-AxhCb kjumFH"
  >
    <li
      id="Home"
    >
      <a
        class="sc-AxjAm kGmApj"
        href="/"
        target="_self"
      >
        Home
      </a>
    </li>
    <li
      id="All_Sauces"
    >
      <a
        class="sc-AxjAm kGmApj"
        href="/sauces"
        target="_self"
      >
        All Sauces
      </a>
    </li>
    <li
      id="Add_Sauces"
    >
      <a
        class="sc-AxjAm kGmApj"
        href="/sauce/add"
        target="_self"
      >
        Add Sauce
      </a>
    </li>
    <li
      id="Register"
    >
      <a
        class="sc-AxjAm kGmApj"
        href="/account/register"
        target="_self"
      >
        Register
      </a>
    </li>
    <li
      id="Log_In"
    >
      <a
        class="sc-AxjAm kGmApj"
        href="/account/login"
        target="_self"
      >
        Log In
      </a>
    </li>
  </ul>
</div>
`;

exports[`<Navigation /> matches snapshot 17`] = `
<div
  class="sc-AxirZ jpgewr sc-AxhUy eKirhA"
>
  <h5
    class="sc-AxiKw bKvGHD"
  >
    Navigation
  </h5>
  <ul
    class="sc-AxhCb kjumFH"
  >
    <li
      id="Home"
    >
      <a
        class="sc-AxjAm kGmApj"
        href="/"
        target="_self"
      >
        Home
      </a>
    </li>
    <li
      id="All_Sauces"
    >
      <a
        class="sc-AxjAm kGmApj"
        href="/sauces"
        target="_self"
      >
        All Sauces
      </a>
    </li>
    <li
      id="Add_Sauces"
    >
      <a
        class="sc-AxjAm kGmApj"
        href="/sauce/add"
        target="_self"
      >
        Add Sauce
      </a>
    </li>
    <li
      id="Register"
    >
      <a
        class="sc-AxjAm kGmApj"
        href="/account/register"
        target="_self"
      >
        Register
      </a>
    </li>
    <li
      id="Log_In"
    >
      <a
        class="sc-AxjAm kGmApj"
        href="/account/login"
        target="_self"
      >
        Log In
      </a>
    </li>
  </ul>
</div>
`;

exports[`<Navigation /> matches snapshot 18`] = `
<div
  class="sc-AxirZ jpgewr sc-AxhUy eKirhA"
>
  <h5
    class="sc-AxiKw bKvGHD"
  >
    Navigation
  </h5>
  <ul
    class="sc-AxhCb kjumFH"
  >
    <li
      id="Home"
    >
      <a
        class="sc-AxjAm kGmApj"
        href="/"
        target="_self"
      >
        Home
      </a>
    </li>
    <li
      id="All_Sauces"
    >
      <a
        class="sc-AxjAm kGmApj"
        href="/sauces"
        target="_self"
      >
        All Sauces
      </a>
    </li>
    <li
      id="Add_Sauces"
    >
      <a
        class="sc-AxjAm kGmApj"
        href="/sauce/add"
        target="_self"
      >
        Add Sauce
      </a>
    </li>
    <li
      id="Register"
    >
      <a
        class="sc-AxjAm kGmApj"
        href="/account/register"
        target="_self"
      >
        Register
      </a>
    </li>
    <li
      id="Log_In"
    >
      <a
        class="sc-AxjAm kGmApj"
        href="/account/login"
        target="_self"
      >
        Log In
      </a>
    </li>
  </ul>
</div>
`;

exports[`<Navigation /> matches snapshot 19`] = `
<div
  class="sc-AxirZ jpgewr sc-AxhUy eKirhA"
>
  <h5
    class="sc-AxiKw bKvGHD"
  >
    Navigation
  </h5>
  <ul
    class="sc-AxhCb kjumFH"
  >
    <li
      id="Home"
    >
      <a
        class="sc-AxjAm kGmApj"
        href="/"
        target="_self"
      >
        Home
      </a>
    </li>
    <li
      id="All_Sauces"
    >
      <a
        class="sc-AxjAm kGmApj"
        href="/sauces"
        target="_self"
      >
        All Sauces
      </a>
    </li>
    <li
      id="Add_Sauces"
    >
      <a
        class="sc-AxjAm kGmApj"
        href="/sauce/add"
        target="_self"
      >
        Add Sauce
      </a>
    </li>
    <li
      id="Register"
    >
      <a
        class="sc-AxjAm kGmApj"
        href="/account/register"
        target="_self"
      >
        Register
      </a>
    </li>
    <li
      id="Log_In"
    >
      <a
        class="sc-AxjAm kGmApj"
        href="/account/login"
        target="_self"
      >
        Log In
      </a>
    </li>
  </ul>
</div>
`;

exports[`<Navigation /> matches snapshot 20`] = `
<div
  class="sc-AxirZ jpgewr sc-AxhUy eKirhA"
>
  <h5
    class="sc-AxiKw bKvGHD"
  >
    Navigation
  </h5>
  <ul
    class="sc-AxhCb kjumFH"
  >
    <li
      id="Home"
    >
      <a
        class="sc-AxjAm kGmApj"
        href="/"
        target="_self"
      >
        Home
      </a>
    </li>
    <li
      id="All_Sauces"
    >
      <a
        class="sc-AxjAm kGmApj"
        href="/sauces"
        target="_self"
      >
        All Sauces
      </a>
    </li>
    <li
      id="Add_Sauces"
    >
      <a
        class="sc-AxjAm kGmApj"
        href="/sauce/add"
        target="_self"
      >
        Add Sauce
      </a>
    </li>
    <li
      id="Register"
    >
      <a
        class="sc-AxjAm kGmApj"
        href="/account/register"
        target="_self"
      >
        Register
      </a>
    </li>
    <li
      id="Log_In"
    >
      <a
        class="sc-AxjAm kGmApj"
        href="/account/login"
        target="_self"
      >
        Log In
      </a>
    </li>
  </ul>
</div>
`;

exports[`<Navigation /> matches snapshot 21`] = `
<div
  class="sc-AxirZ jpgewr sc-AxhUy eKirhA"
>
  <h5
    class="sc-AxiKw bKvGHD"
  >
    Navigation
  </h5>
  <ul
    class="sc-AxhCb kjumFH"
  >
    <li
      id="Home"
    >
      <a
        class="sc-AxjAm kGmApj"
        href="/"
        target="_self"
      >
        Home
      </a>
    </li>
    <li
      id="All_Sauces"
    >
      <a
        class="sc-AxjAm kGmApj"
        href="/sauces"
        target="_self"
      >
        All Sauces
      </a>
    </li>
    <li
      id="Add_Sauces"
    >
      <a
        class="sc-AxjAm kGmApj"
        href="/sauce/add"
        target="_self"
      >
        Add Sauce
      </a>
    </li>
    <li
      id="Register"
    >
      <a
        class="sc-AxjAm kGmApj"
        href="/account/register"
        target="_self"
      >
        Register
      </a>
    </li>
    <li
      id="Log_In"
    >
      <a
        class="sc-AxjAm kGmApj"
        href="/account/login"
        target="_self"
      >
        Log In
      </a>
    </li>
  </ul>
</div>
`;

exports[`<Navigation /> matches snapshot 22`] = `
<div
  class="sc-AxirZ jpgewr sc-AxhUy eKirhA"
>
  <h5
    class="sc-AxiKw bKvGHD"
  >
    Navigation
  </h5>
  <ul
    class="sc-AxhCb kjumFH"
  >
    <li
      id="Home"
    >
      <a
        class="sc-AxjAm kGmApj"
        href="/"
        target="_self"
      >
        Home
      </a>
    </li>
    <li
      id="All_Sauces"
    >
      <a
        class="sc-AxjAm kGmApj"
        href="/sauces"
        target="_self"
      >
        All Sauces
      </a>
    </li>
    <li
      id="Add_Sauces"
    >
      <a
        class="sc-AxjAm kGmApj"
        href="/sauce/add"
        target="_self"
      >
        Add Sauce
      </a>
    </li>
    <li
      id="Register"
    >
      <a
        class="sc-AxjAm kGmApj"
        href="/account/register"
        target="_self"
      >
        Register
      </a>
    </li>
    <li
      id="Log_In"
    >
      <a
        class="sc-AxjAm kGmApj"
        href="/account/login"
        target="_self"
      >
        Log In
      </a>
    </li>
  </ul>
</div>
`;

exports[`<Navigation /> matches snapshot 23`] = `
<div
  class="sc-AxirZ jpgewr sc-AxhUy eKirhA"
>
  <h5
    class="sc-AxiKw bKvGHD"
  >
    Navigation
  </h5>
  <ul
    class="sc-AxhCb kjumFH"
  >
    <li
      id="Home"
    >
      <a
        class="sc-AxjAm kGmApj"
        href="/"
        target="_self"
      >
        Home
      </a>
    </li>
    <li
      id="All_Sauces"
    >
      <a
        class="sc-AxjAm kGmApj"
        href="/sauces"
        target="_self"
      >
        All Sauces
      </a>
    </li>
    <li
      id="Add_Sauces"
    >
      <a
        class="sc-AxjAm kGmApj"
        href="/sauce/add"
        target="_self"
      >
        Add Sauce
      </a>
    </li>
    <li
      id="Register"
    >
      <a
        class="sc-AxjAm kGmApj"
        href="/account/register"
        target="_self"
      >
        Register
      </a>
    </li>
    <li
      id="Log_In"
    >
      <a
        class="sc-AxjAm kGmApj"
        href="/account/login"
        target="_self"
      >
        Log In
      </a>
    </li>
  </ul>
</div>
`;

exports[`<Navigation /> matches snapshot 24`] = `
<div
  class="sc-AxirZ jpgewr sc-AxhUy eKirhA"
>
  <h5
    class="sc-AxiKw bKvGHD"
  >
    Navigation
  </h5>
  <ul
    class="sc-AxhCb kjumFH"
  >
    <li
      id="Home"
    >
      <a
        class="sc-AxjAm kGmApj"
        href="/"
        target="_self"
      >
        Home
      </a>
    </li>
    <li
      id="All_Sauces"
    >
      <a
        class="sc-AxjAm kGmApj"
        href="/sauces"
        target="_self"
      >
        All Sauces
      </a>
    </li>
    <li
      id="Add_Sauces"
    >
      <a
        class="sc-AxjAm kGmApj"
        href="/sauce/add"
        target="_self"
      >
        Add Sauce
      </a>
    </li>
    <li
      id="Register"
    >
      <a
        class="sc-AxjAm kGmApj"
        href="/account/register"
        target="_self"
      >
        Register
      </a>
    </li>
    <li
      id="Log_In"
    >
      <a
        class="sc-AxjAm kGmApj"
        href="/account/login"
        target="_self"
      >
        Log In
      </a>
    </li>
  </ul>
</div>
`;

exports[`<Navigation /> matches snapshot 25`] = `
<div
  class="sc-AxirZ jpgewr sc-AxhUy eKirhA"
>
  <h5
    class="sc-AxiKw bKvGHD"
  >
    Navigation
  </h5>
  <ul
    class="sc-AxhCb kjumFH"
  >
    <li
      id="Home"
    >
      <a
        class="sc-AxjAm kGmApj"
        href="/"
        target="_self"
      >
        Home
      </a>
    </li>
    <li
      id="All_Sauces"
    >
      <a
        class="sc-AxjAm kGmApj"
        href="/sauces"
        target="_self"
      >
        All Sauces
      </a>
    </li>
    <li
      id="Add_Sauces"
    >
      <a
        class="sc-AxjAm kGmApj"
        href="/sauce/add"
        target="_self"
      >
        Add Sauce
      </a>
    </li>
    <li
      id="Register"
    >
      <a
        class="sc-AxjAm kGmApj"
        href="/account/register"
        target="_self"
      >
        Register
      </a>
    </li>
    <li
      id="Log_In"
    >
      <a
        class="sc-AxjAm kGmApj"
        href="/account/login"
        target="_self"
      >
        Log In
      </a>
    </li>
  </ul>
</div>
`;

exports[`<Navigation /> matches snapshot 26`] = `
<div
  class="sc-AxirZ jpgewr sc-AxhUy eKirhA"
>
  <h5
    class="sc-AxiKw bKvGHD"
  >
    Navigation
  </h5>
  <ul
    class="sc-AxhCb kjumFH"
  >
    <li
      id="Home"
    >
      <a
        class="sc-AxjAm kGmApj"
        href="/"
        target="_self"
      >
        Home
      </a>
    </li>
    <li
      id="All_Sauces"
    >
      <a
        class="sc-AxjAm kGmApj"
        href="/sauces"
        target="_self"
      >
        All Sauces
      </a>
    </li>
    <li
      id="Add_Sauces"
    >
      <a
        class="sc-AxjAm kGmApj"
        href="/sauce/add"
        target="_self"
      >
        Add Sauce
      </a>
    </li>
    <li
      id="Register"
    >
      <a
        class="sc-AxjAm kGmApj"
        href="/account/register"
        target="_self"
      >
        Register
      </a>
    </li>
    <li
      id="Log_In"
    >
      <a
        class="sc-AxjAm kGmApj"
        href="/account/login"
        target="_self"
      >
        Log In
      </a>
    </li>
  </ul>
</div>
`;

exports[`<Navigation /> matches snapshot 27`] = `
<div
  class="sc-AxirZ jpgewr sc-AxhUy eKirhA"
>
  <h5
    class="sc-AxiKw bKvGHD"
  >
    Navigation
  </h5>
  <ul
    class="sc-AxhCb kjumFH"
  >
    <li
      id="Home"
    >
      <a
        class="sc-AxjAm kGmApj"
        href="/"
        target="_self"
      >
        Home
      </a>
    </li>
    <li
      id="All_Sauces"
    >
      <a
        class="sc-AxjAm kGmApj"
        href="/sauces"
        target="_self"
      >
        All Sauces
      </a>
    </li>
    <li
      id="Add_Sauces"
    >
      <a
        class="sc-AxjAm kGmApj"
        href="/sauce/add"
        target="_self"
      >
        Add Sauce
      </a>
    </li>
    <li
      id="Register"
    >
      <a
        class="sc-AxjAm kGmApj"
        href="/account/register"
        target="_self"
      >
        Register
      </a>
    </li>
    <li
      id="Log_In"
    >
      <a
        class="sc-AxjAm kGmApj"
        href="/account/login"
        target="_self"
      >
        Log In
      </a>
    </li>
  </ul>
</div>
`;

exports[`<Navigation /> matches snapshot 28`] = `
<div
  class="sc-AxirZ jpgewr sc-AxhUy eKirhA"
>
  <h5
    class="sc-AxiKw bKvGHD"
  >
    Navigation
  </h5>
  <ul
    class="sc-AxhCb kjumFH"
  >
    <li
      id="Home"
    >
      <a
        class="sc-AxjAm kGmApj"
        href="/"
        target="_self"
      >
        Home
      </a>
    </li>
    <li
      id="All_Sauces"
    >
      <a
        class="sc-AxjAm kGmApj"
        href="/sauces"
        target="_self"
      >
        All Sauces
      </a>
    </li>
    <li
      id="Add_Sauces"
    >
      <a
        class="sc-AxjAm kGmApj"
        href="/sauce/add"
        target="_self"
      >
        Add Sauce
      </a>
    </li>
    <li
      id="Register"
    >
      <a
        class="sc-AxjAm kGmApj"
        href="/account/register"
        target="_self"
      >
        Register
      </a>
    </li>
    <li
      id="Log_In"
    >
      <a
        class="sc-AxjAm kGmApj"
        href="/account/login"
        target="_self"
      >
        Log In
      </a>
    </li>
  </ul>
</div>
`;

exports[`<Navigation /> matches snapshot 29`] = `
<div
  class="sc-AxirZ jpgewr sc-AxhUy eKirhA"
>
  <h5
    class="sc-AxiKw bKvGHD"
  >
    Navigation
  </h5>
  <ul
    class="sc-AxhCb kjumFH"
  >
    <li
      id="Home"
    >
      <a
        class="sc-AxjAm kGmApj"
        href="/"
        target="_self"
      >
        Home
      </a>
    </li>
    <li
      id="All_Sauces"
    >
      <a
        class="sc-AxjAm kGmApj"
        href="/sauces"
        target="_self"
      >
        All Sauces
      </a>
    </li>
    <li
      id="Add_Sauces"
    >
      <a
        class="sc-AxjAm kGmApj"
        href="/sauce/add"
        target="_self"
      >
        Add Sauce
      </a>
    </li>
    <li
      id="Register"
    >
      <a
        class="sc-AxjAm kGmApj"
        href="/account/register"
        target="_self"
      >
        Register
      </a>
    </li>
    <li
      id="Log_In"
    >
      <a
        class="sc-AxjAm kGmApj"
        href="/account/login"
        target="_self"
      >
        Log In
      </a>
    </li>
  </ul>
</div>
`;

exports[`<Navigation /> matches snapshot 30`] = `
<div
  class="sc-AxirZ jpgewr sc-AxhUy eKirhA"
>
  <h5
    class="sc-AxiKw bKvGHD"
  >
    Navigation
  </h5>
  <ul
    class="sc-AxhCb kjumFH"
  >
    <li
      id="Home"
    >
      <a
        class="sc-AxjAm kGmApj"
        href="/"
        target="_self"
      >
        Home
      </a>
    </li>
    <li
      id="All_Sauces"
    >
      <a
        class="sc-AxjAm kGmApj"
        href="/sauces"
        target="_self"
      >
        All Sauces
      </a>
    </li>
    <li
      id="Add_Sauces"
    >
      <a
        class="sc-AxjAm kGmApj"
        href="/sauce/add"
        target="_self"
      >
        Add Sauce
      </a>
    </li>
    <li
      id="Register"
    >
      <a
        class="sc-AxjAm kGmApj"
        href="/account/register"
        target="_self"
      >
        Register
      </a>
    </li>
    <li
      id="Log_In"
    >
      <a
        class="sc-AxjAm kGmApj"
        href="/account/login"
        target="_self"
      >
        Log In
      </a>
    </li>
  </ul>
</div>
`;

exports[`<Navigation /> matches snapshot 31`] = `
<div
  class="sc-AxirZ jpgewr sc-AxhUy eKirhA"
>
  <h5
    class="sc-AxiKw bKvGHD"
  >
    Navigation
  </h5>
  <ul
    class="sc-AxhCb kjumFH"
  >
    <li
      id="Home"
    >
      <a
        class="sc-AxjAm kGmApj"
        href="/"
        target="_self"
      >
        Home
      </a>
    </li>
    <li
      id="All_Sauces"
    >
      <a
        class="sc-AxjAm kGmApj"
        href="/sauces"
        target="_self"
      >
        All Sauces
      </a>
    </li>
    <li
      id="Add_Sauces"
    >
      <a
        class="sc-AxjAm kGmApj"
        href="/sauce/add"
        target="_self"
      >
        Add Sauce
      </a>
    </li>
    <li
      id="Register"
    >
      <a
        class="sc-AxjAm kGmApj"
        href="/account/register"
        target="_self"
      >
        Register
      </a>
    </li>
    <li
      id="Log_In"
    >
      <a
        class="sc-AxjAm kGmApj"
        href="/account/login"
        target="_self"
      >
        Log In
      </a>
    </li>
  </ul>
</div>
`;

exports[`<Navigation /> matches snapshot 32`] = `
<div
  class="sc-AxirZ jpgewr sc-AxhUy eKirhA"
>
  <h5
    class="sc-AxiKw bKvGHD"
  >
    Navigation
  </h5>
  <ul
    class="sc-AxhCb kjumFH"
  >
    <li
      id="Home"
    >
      <a
        class="sc-AxjAm kGmApj"
        href="/"
        target="_self"
      >
        Home
      </a>
    </li>
    <li
      id="All_Sauces"
    >
      <a
        class="sc-AxjAm kGmApj"
        href="/sauces"
        target="_self"
      >
        All Sauces
      </a>
    </li>
    <li
      id="Add_Sauces"
    >
      <a
        class="sc-AxjAm kGmApj"
        href="/sauce/add"
        target="_self"
      >
        Add Sauce
      </a>
    </li>
    <li
      id="Register"
    >
      <a
        class="sc-AxjAm kGmApj"
        href="/account/register"
        target="_self"
      >
        Register
      </a>
    </li>
    <li
      id="Log_In"
    >
      <a
        class="sc-AxjAm kGmApj"
        href="/account/login"
        target="_self"
      >
        Log In
      </a>
    </li>
  </ul>
</div>
`;
